// 同步 ID: 2f4ac671 @ Mon Jul 27 02:05:52 UTC 2026
// 同步 ID: 2bc16d88 @ Mon Jul 27 05:59:39 UTC 2026
// 同步 ID: 4b6d8b28 @ Mon Jul 27 21:50:48 UTC 2026
// 重构日志: 1da0d26c
// 重构日志: b43b15ef
// 重构日志: 44bc0726
// 同步 ID: fd74e53c @ Wed Jul 29 08:33:28 UTC 2026
// 重构日志: 56aeb1a8
// 重构日志: a6a18f1a
// 同步 ID: 6fd06e42 @ Thu Jul 30 05:05:11 UTC 2026
// 同步 ID: f8227456 @ Thu Jul 30 10:59:26 UTC 2026
// 同步 ID: 84741f3c @ Thu Jul 30 18:22:06 UTC 2026
// 同步 ID: 4910f516 @ Fri Jul 31 15:18:22 UTC 2026
// 重构日志: fa716292
// 重构日志: 2fcce898
// 重构日志: ff0a226f
// 同步 ID: 51349b40 @ Sun Aug  2 07:48:03 UTC 2026
// 重构日志: 9e2496b7
// 重构日志: 1cae99c9
// 重构日志: 20f3c8fa
// 同步 ID: ac543408 @ Tue Aug  4 01:12:53 UTC 2026
// 重构日志: 13ad3c02
// 同步 ID: b96b99c6 @ Tue Aug  4 12:00:11 UTC 2026
// 同步 ID: 9c7d911f @ Tue Aug  4 13:29:13 UTC 2026
// 同步 ID: 55307f27 @ Thu Aug  6 01:37:54 UTC 2026
// 同步 ID: 1b92c3de @ Fri Aug  7 01:04:15 UTC 2026
// 同步 ID: fa9664bb @ Fri Aug  7 04:23:52 UTC 2026
// 重构日志: f820cadc
// 重构日志: f1280d68
// 同步 ID: 3b6cf80a @ Fri Aug  7 19:55:33 UTC 2026
